// Jest Snapshot v1, https://goo.gl/fbAQLP

exports[`Instructions tests should show instructions 1`] = `
<div>
  <div
    class="MuiBox-root css-0"
  >
    <p
      class="MuiTypography-root MuiTypography-body1 css-ahj2mt-MuiTypography-root"
    >
      Enter a numeric value into the input box.
    </p>
    <p
      class="MuiTypography-root MuiTypography-body1 css-ahj2mt-MuiTypography-root"
    >
      Press 
      <strong>
        Calculate
      </strong>
       to see it doubled, and its double squared!
    </p>
  </div>
</div>
`;
